test_05/09/2026 09:04:35
